make -f /home/vscode/.local/lib/python3.11/site-packages/cocotb/share/makefiles/Makefile.sim \
    SIM=icarus \
    TOPLEVEL_LANG=verilog \
    VERILOG_SOURCES="/workspaces/CursoIntroVerifFunctional/solutions/lab1_counter/../../rtl/counter.v" \
    TOPLEVEL=counter \
    MODULE=test_counter
make[1]: Entering directory '/workspaces/CursoIntroVerifFunctional/solutions/lab1_counter'
rm -f results.xml
"make" -f /home/vscode/.local/lib/python3.11/site-packages/cocotb/share/makefiles/Makefile.sim results.xml
make[2]: Entering directory '/workspaces/CursoIntroVerifFunctional/solutions/lab1_counter'
mkdir -p sim_build
/usr/bin/iverilog -o sim_build/sim.vvp -D COCOTB_SIM=1 -s counter -g2012 -f sim_build/cmds.f  /workspaces/CursoIntroVerifFunctional/solutions/lab1_counter/../../rtl/counter.v
rm -f results.xml
MODULE=test_counter TESTCASE= TOPLEVEL=counter TOPLEVEL_LANG=verilog \
         /usr/bin/vvp -M /home/vscode/.local/lib/python3.11/site-packages/cocotb/libs -m libcocotbvpi_icarus   sim_build/sim.vvp  
     -.--ns INFO     gpi                                ..mbed/gpi_embed.cpp:79   in set_program_name_in_venv        Did not detect Python virtual environment. Using system-wide Python interpreter
     -.--ns INFO     gpi                                ../gpi/GpiCommon.cpp:101  in gpi_print_registered_impl       VPI registered
     0.00ns INFO     cocotb                             Running on Icarus Verilog version 11.0 (stable)
     0.00ns INFO     cocotb                             Running tests with cocotb v1.9.2 from /home/vscode/.local/lib/python3.11/site-packages/cocotb
     0.00ns INFO     cocotb.regression                  Found test test_counter.test_counter_basic
     0.00ns INFO     cocotb.regression                  running test_counter_basic (1/1)
                                                          Verifica conteo, reset y estabilidad del contador de 8 bits.
     0.00ns INFO     cocotb.counter                     ======================================================================
     0.00ns INFO     cocotb.counter                     Lab 1 — Solución: arrancando test_counter_basic
     0.00ns INFO     cocotb.counter                     ======================================================================
     1.00ns INFO     cocotb.counter                     Aplicando reset durante 2 ciclos...
    25.00ns INFO     cocotb.counter                     Reset liberado. count=0
    25.00ns INFO     cocotb.counter                     [Fase 1] OK — reset deja count=0.
    25.00ns INFO     cocotb.counter                     [Fase 2] Habilitando en=1 y contando 10 ciclos.
   126.00ns INFO     cocotb.counter                     [Fase 2] OK — contador alcanzó 10 tras 10 ciclos.
   126.00ns INFO     cocotb.counter                     [Fase 3] Deshabilitando en=0. count debe mantenerse.
   176.00ns INFO     cocotb.counter                     [Fase 3] OK — count se mantuvo en 10 con en=0.
   176.00ns INFO     cocotb.counter                     [Fase 4] Aplicando reset en caliente.
   176.00ns INFO     cocotb.counter                     Aplicando reset durante 2 ciclos...
   205.00ns INFO     cocotb.counter                     Reset liberado. count=0
   205.00ns INFO     cocotb.counter                     [Fase 4] OK — reset en caliente correcto.
   205.00ns INFO     cocotb.counter                     ======================================================================
   205.00ns INFO     cocotb.counter                     PASS — test_counter_basic completado sin errores.
   205.00ns INFO     cocotb.counter                     ======================================================================
   205.00ns INFO     cocotb.regression                  test_counter_basic passed
   205.00ns INFO     cocotb.regression                  *****************************************************************************************
                                                        ** TEST                             STATUS  SIM TIME (ns)  REAL TIME (s)  RATIO (ns/s) **
                                                        *****************************************************************************************
                                                        ** test_counter.test_counter_basic   PASS         205.00           0.01      40773.73  **
                                                        *****************************************************************************************
                                                        ** TESTS=1 PASS=1 FAIL=0 SKIP=0                   205.00           0.07       3004.00  **
                                                        *****************************************************************************************
                                                        
make[2]: Leaving directory '/workspaces/CursoIntroVerifFunctional/solutions/lab1_counter'
make[1]: Leaving directory '/workspaces/CursoIntroVerifFunctional/solutions/lab1_counter'
