make -f /home/vscode/.local/lib/python3.11/site-packages/cocotb/share/makefiles/Makefile.sim \
    SIM=icarus \
    TOPLEVEL_LANG=verilog \
    VERILOG_SOURCES="/workspaces/CursoIntroVerifFunctional/solutions/lab2_fifo/../../rtl/fifo.v" \
    TOPLEVEL=fifo \
    MODULE=test_fifo \
    
make[1]: Entering directory '/workspaces/CursoIntroVerifFunctional/solutions/lab2_fifo'
rm -f results.xml
"make" -f /home/vscode/.local/lib/python3.11/site-packages/cocotb/share/makefiles/Makefile.sim results.xml
make[2]: Entering directory '/workspaces/CursoIntroVerifFunctional/solutions/lab2_fifo'
mkdir -p sim_build
/usr/bin/iverilog -o sim_build/sim.vvp -D COCOTB_SIM=1 -s fifo -g2012 -f sim_build/cmds.f  /workspaces/CursoIntroVerifFunctional/solutions/lab2_fifo/../../rtl/fifo.v
rm -f results.xml
MODULE=test_fifo TESTCASE= TOPLEVEL=fifo TOPLEVEL_LANG=verilog \
         /usr/bin/vvp -M /home/vscode/.local/lib/python3.11/site-packages/cocotb/libs -m libcocotbvpi_icarus   sim_build/sim.vvp  
     -.--ns INFO     gpi                                ..mbed/gpi_embed.cpp:79   in set_program_name_in_venv        Did not detect Python virtual environment. Using system-wide Python interpreter
     -.--ns INFO     gpi                                ../gpi/GpiCommon.cpp:101  in gpi_print_registered_impl       VPI registered
     0.00ns INFO     cocotb                             Running on Icarus Verilog version 11.0 (stable)
     0.00ns INFO     cocotb                             Running tests with cocotb v1.9.2 from /home/vscode/.local/lib/python3.11/site-packages/cocotb
     0.00ns INFO     cocotb.regression                  Found test test_fifo.test_fifo_basic
     0.00ns INFO     cocotb.regression                  Found test test_fifo.test_fifo_full
     0.00ns INFO     cocotb.regression                  Found test test_fifo.test_fifo_empty
     0.00ns INFO     cocotb.regression                  Found test test_fifo.test_fifo_random
     0.00ns INFO     cocotb.regression                  running test_fifo_basic (1/4)
                                                          5 pushes seguidos de 5 pops. Verifica orden y flags.
     0.00ns INFO     cocotb.fifo                        === test_fifo_basic ===
    71.00ns INFO     cocotb.fifo                        Tras 5 pushes: count modelo = 5
   121.00ns INFO     cocotb.fifo                        PASS — test_fifo_basic
   121.00ns INFO     cocotb.regression                  test_fifo_basic passed
   121.00ns INFO     cocotb.regression                  running test_fifo_full (2/4)
                                                          Llenar FIFO, intentar push con full=1, drenar, comprobar empty=1.
   121.00ns INFO     cocotb.fifo                        === test_fifo_full ===
   322.00ns INFO     cocotb.fifo                        PASS — test_fifo_full
   322.00ns INFO     cocotb.regression                  test_fifo_full passed
   322.00ns INFO     cocotb.regression                  running test_fifo_empty (3/4)
                                                          Pop sobre FIFO vacío: ignorado, sin cambios de estado.
   322.00ns INFO     cocotb.fifo                        === test_fifo_empty ===
   403.00ns INFO     cocotb.fifo                        PASS — test_fifo_empty
   403.00ns INFO     cocotb.regression                  test_fifo_empty passed
   403.00ns INFO     cocotb.regression                  running test_fifo_random (4/4)
                                                          N operaciones aleatorias. DUT vs modelo en cada operación.
   403.00ns INFO     cocotb.fifo                        === test_fifo_random ===
  1434.00ns INFO     cocotb.fifo                        PASS — test_fifo_random (100 ops, modelo final con 5 elementos)
  1434.00ns INFO     cocotb.regression                  test_fifo_random passed
  1434.00ns INFO     cocotb.regression                  **************************************************************************************
                                                        ** TEST                          STATUS  SIM TIME (ns)  REAL TIME (s)  RATIO (ns/s) **
                                                        **************************************************************************************
                                                        ** test_fifo.test_fifo_basic      PASS         121.00           0.00      48780.76  **
                                                        ** test_fifo.test_fifo_full       PASS         201.00           0.00      67122.56  **
                                                        ** test_fifo.test_fifo_empty      PASS          81.00           0.00      62269.58  **
                                                        ** test_fifo.test_fifo_random     PASS        1031.00           0.01      82385.48  **
                                                        **************************************************************************************
                                                        ** TESTS=4 PASS=4 FAIL=0 SKIP=0               1434.00           0.06      25465.08  **
                                                        **************************************************************************************
                                                        
make[2]: Leaving directory '/workspaces/CursoIntroVerifFunctional/solutions/lab2_fifo'
make[1]: Leaving directory '/workspaces/CursoIntroVerifFunctional/solutions/lab2_fifo'
