make -f /home/vscode/.local/lib/python3.11/site-packages/cocotb/share/makefiles/Makefile.sim \
    SIM=icarus \
    TOPLEVEL_LANG=verilog \
    VERILOG_SOURCES="/workspaces/CursoIntroVerifFunctional/solutions/lab4_fpu_uvm/../../rtl/fpu.v" \
    TOPLEVEL=fpu \
    MODULE=test_fpu \
    
make[1]: Entering directory '/workspaces/CursoIntroVerifFunctional/solutions/lab4_fpu_uvm'
rm -f results.xml
"make" -f /home/vscode/.local/lib/python3.11/site-packages/cocotb/share/makefiles/Makefile.sim results.xml
make[2]: Entering directory '/workspaces/CursoIntroVerifFunctional/solutions/lab4_fpu_uvm'
mkdir -p sim_build
/usr/bin/iverilog -o sim_build/sim.vvp -D COCOTB_SIM=1 -s fpu -g2012 -f sim_build/cmds.f  /workspaces/CursoIntroVerifFunctional/solutions/lab4_fpu_uvm/../../rtl/fpu.v
rm -f results.xml
MODULE=test_fpu TESTCASE= TOPLEVEL=fpu TOPLEVEL_LANG=verilog \
         /usr/bin/vvp -M /home/vscode/.local/lib/python3.11/site-packages/cocotb/libs -m libcocotbvpi_icarus   sim_build/sim.vvp  
     -.--ns INFO     gpi                                ..mbed/gpi_embed.cpp:79   in set_program_name_in_venv        Did not detect Python virtual environment. Using system-wide Python interpreter
     -.--ns INFO     gpi                                ../gpi/GpiCommon.cpp:101  in gpi_print_registered_impl       VPI registered
     0.00ns INFO     cocotb                             Running on Icarus Verilog version 11.0 (stable)
     0.00ns INFO     cocotb                             Running tests with cocotb v1.9.2 from /home/vscode/.local/lib/python3.11/site-packages/cocotb
     0.00ns INFO     cocotb.regression                  Found test test_fpu.fpu_uvm_test
     0.00ns INFO     cocotb.regression                  running fpu_uvm_test (1/1)
                                                          Punto de entrada del testbench UVM FPU.
  6680.00ns INFO     ..ns/lab4_fpu_uvm/test_fpu.py(322) [uvm_test_top.env.scoreboard]: Scoreboard report: received=220, passed=220, failed=0 (±1 ULP tol.)
  6680.00ns INFO     ..ns/lab4_fpu_uvm/test_fpu.py(341) [uvm_test_top.env.scoreboard]: ======================================================================
  6680.00ns INFO     ..ns/lab4_fpu_uvm/test_fpu.py(342) [uvm_test_top.env.scoreboard]: === Reporte de cobertura funcional ===
  6680.00ns INFO     ..ns/lab4_fpu_uvm/test_fpu.py(343) [uvm_test_top.env.scoreboard]: ======================================================================
  6680.00ns INFO     ../cocotb_coverage/coverage.py(94) [uvm_test_top.env.scoreboard]: top : <cocotb_coverage.coverage.CoverItem object at 0x71068cdd97d0>, coverage=15, size=15 
  6680.00ns INFO     ../cocotb_coverage/coverage.py(94) [uvm_test_top.env.scoreboard]:    top.exp_diff_range : <cocotb_coverage.coverage.CoverPoint object at 0x71068cdd9b50>, coverage=4, size=4 
  6680.00ns INFO     ../cocotb_coverage/coverage.py(99) [uvm_test_top.env.scoreboard]:       BIN equal : 9
  6680.00ns INFO     ../cocotb_coverage/coverage.py(99) [uvm_test_top.env.scoreboard]:       BIN close : 17
  6680.00ns INFO     ../cocotb_coverage/coverage.py(99) [uvm_test_top.env.scoreboard]:       BIN moderate : 22
  6680.00ns INFO     ../cocotb_coverage/coverage.py(99) [uvm_test_top.env.scoreboard]:       BIN far : 172
  6680.00ns INFO     ../cocotb_coverage/coverage.py(94) [uvm_test_top.env.scoreboard]:    top.result_sign : <cocotb_coverage.coverage.CoverPoint object at 0x71068cdd9d10>, coverage=3, size=3 
  6680.00ns INFO     ../cocotb_coverage/coverage.py(99) [uvm_test_top.env.scoreboard]:       BIN positive : 109
  6680.00ns INFO     ../cocotb_coverage/coverage.py(99) [uvm_test_top.env.scoreboard]:       BIN negative : 108
  6680.00ns INFO     ../cocotb_coverage/coverage.py(99) [uvm_test_top.env.scoreboard]:       BIN zero : 3
  6680.00ns INFO     ../cocotb_coverage/coverage.py(94) [uvm_test_top.env.scoreboard]:    top.sign_a : <cocotb_coverage.coverage.CoverPoint object at 0x71068f65c0d0>, coverage=2, size=2 
  6680.00ns INFO     ../cocotb_coverage/coverage.py(99) [uvm_test_top.env.scoreboard]:       BIN positive : 102
  6680.00ns INFO     ../cocotb_coverage/coverage.py(99) [uvm_test_top.env.scoreboard]:       BIN negative : 118
  6680.00ns INFO     ../cocotb_coverage/coverage.py(94) [uvm_test_top.env.scoreboard]:    top.sign_b : <cocotb_coverage.coverage.CoverPoint object at 0x71068cdd99d0>, coverage=2, size=2 
  6680.00ns INFO     ../cocotb_coverage/coverage.py(99) [uvm_test_top.env.scoreboard]:       BIN positive : 121
  6680.00ns INFO     ../cocotb_coverage/coverage.py(99) [uvm_test_top.env.scoreboard]:       BIN negative : 99
  6680.00ns INFO     ../cocotb_coverage/coverage.py(94) [uvm_test_top.env.scoreboard]:    top.sign_cross : <cocotb_coverage.coverage.CoverCross object at 0x71068cdd9e90>, coverage=4, size=4 
  6680.00ns INFO     ../cocotb_coverage/coverage.py(99) [uvm_test_top.env.scoreboard]:       BIN ('positive', 'positive') : 51
  6680.00ns INFO     ../cocotb_coverage/coverage.py(99) [uvm_test_top.env.scoreboard]:       BIN ('positive', 'negative') : 51
  6680.00ns INFO     ../cocotb_coverage/coverage.py(99) [uvm_test_top.env.scoreboard]:       BIN ('negative', 'positive') : 70
  6680.00ns INFO     ../cocotb_coverage/coverage.py(99) [uvm_test_top.env.scoreboard]:       BIN ('negative', 'negative') : 48
  6680.00ns INFO     ..ns/lab4_fpu_uvm/test_fpu.py(348) [uvm_test_top.env.scoreboard]: Coverage YAML escrito en coverage.yml
  6680.00ns INFO     ..ns/lab4_fpu_uvm/test_fpu.py(366) [uvm_test_top.env.scoreboard]: Cobertura crítica: 100% en ['top.sign_a', 'top.sign_b', 'top.exp_diff_range', 'top.sign_cross']
  6680.00ns INFO     cocotb.regression                  fpu_uvm_test passed
  6680.00ns INFO     cocotb.regression                  **************************************************************************************
                                                        ** TEST                          STATUS  SIM TIME (ns)  REAL TIME (s)  RATIO (ns/s) **
                                                        **************************************************************************************
                                                        ** test_fpu.fpu_uvm_test          PASS        6680.00           0.17      39194.12  **
                                                        **************************************************************************************
                                                        ** TESTS=1 PASS=1 FAIL=0 SKIP=0               6680.00           0.40      16861.79  **
                                                        **************************************************************************************
                                                        
make[2]: Leaving directory '/workspaces/CursoIntroVerifFunctional/solutions/lab4_fpu_uvm'
make[1]: Leaving directory '/workspaces/CursoIntroVerifFunctional/solutions/lab4_fpu_uvm'
