make -f /home/vscode/.local/lib/python3.11/site-packages/cocotb/share/makefiles/Makefile.sim \
    SIM=icarus \
    TOPLEVEL_LANG=verilog \
    VERILOG_SOURCES="/workspaces/CursoIntroVerifFunctional/solutions/lab3_alu_uvm/../../rtl/alu.v" \
    TOPLEVEL=alu \
    MODULE=test_alu \
    
make[1]: Entering directory '/workspaces/CursoIntroVerifFunctional/solutions/lab3_alu_uvm'
rm -f results.xml
"make" -f /home/vscode/.local/lib/python3.11/site-packages/cocotb/share/makefiles/Makefile.sim results.xml
make[2]: Entering directory '/workspaces/CursoIntroVerifFunctional/solutions/lab3_alu_uvm'
mkdir -p sim_build
/usr/bin/iverilog -o sim_build/sim.vvp -D COCOTB_SIM=1 -s alu -g2012 -f sim_build/cmds.f  /workspaces/CursoIntroVerifFunctional/solutions/lab3_alu_uvm/../../rtl/alu.v
rm -f results.xml
MODULE=test_alu TESTCASE= TOPLEVEL=alu TOPLEVEL_LANG=verilog \
         /usr/bin/vvp -M /home/vscode/.local/lib/python3.11/site-packages/cocotb/libs -m libcocotbvpi_icarus   sim_build/sim.vvp  
     -.--ns INFO     gpi                                ..mbed/gpi_embed.cpp:79   in set_program_name_in_venv        Did not detect Python virtual environment. Using system-wide Python interpreter
     -.--ns INFO     gpi                                ../gpi/GpiCommon.cpp:101  in gpi_print_registered_impl       VPI registered
     0.00ns INFO     cocotb                             Running on Icarus Verilog version 11.0 (stable)
     0.00ns INFO     cocotb                             Running tests with cocotb v1.9.2 from /home/vscode/.local/lib/python3.11/site-packages/cocotb
     0.00ns INFO     cocotb.regression                  Found test test_alu.alu_uvm_test
     0.00ns INFO     cocotb.regression                  running alu_uvm_test (1/1)
                                                          Punto de entrada del testbench UVM.
  1580.00ns INFO     ..ns/lab3_alu_uvm/test_alu.py(363) [uvm_test_top.env.scoreboard]: Scoreboard report: received=50, passed=50, failed=0
  1580.00ns INFO     cocotb.regression                  alu_uvm_test passed
  1580.00ns INFO     cocotb.regression                  **************************************************************************************
                                                        ** TEST                          STATUS  SIM TIME (ns)  REAL TIME (s)  RATIO (ns/s) **
                                                        **************************************************************************************
                                                        ** test_alu.alu_uvm_test          PASS        1580.00           0.02      76509.28  **
                                                        **************************************************************************************
                                                        ** TESTS=1 PASS=1 FAIL=0 SKIP=0               1580.00           0.07      24085.24  **
                                                        **************************************************************************************
                                                        
make[2]: Leaving directory '/workspaces/CursoIntroVerifFunctional/solutions/lab3_alu_uvm'
make[1]: Leaving directory '/workspaces/CursoIntroVerifFunctional/solutions/lab3_alu_uvm'
